// Jest Snapshot v1, https://goo.gl/fbAQLP

exports[`<ButtonNavlink /> Should match with a snapshot 1`] = `
<button
  class="see-more"
>
  <img
    aria-label=""
    src=""
  />
  <span>
    button
  </span>
</button>
`;
