// Jest Snapshot v1, https://goo.gl/fbAQLP

exports[`<NavBar /> Should match with a snapshot 1`] = `
.c0 {
  position: fixed;
  inset-inline: 0;
  width: 44px;
  height: 44px;
  background-image: linear-gradient(0deg,#0ea4c2 0%,#13cfb9 100%);
}

.c0 .btn-open-menu {
  padding: 0;
  border: none;
  width: 100%;
  height: 100%;
  background-color: transparent;
  outline: none;
}

.c0 .options-group,
.c0 .options-logout {
  display: none;
  visibility: hidden;
}

.c1 {
  position: fixed;
  width: 0;
  box-sizing: border-box;
  visibility: hidden;
  height: 100vh;
  top: 44px;
  left: 0;
  z-index: 4;
  background-image: linear-gradient(0deg,#0ea4c2 0%,#13cfb9 100%);
  display: -webkit-box;
  display: -webkit-flex;
  display: -ms-flexbox;
  display: flex;
  -webkit-flex-direction: column;
  -ms-flex-direction: column;
  flex-direction: column;
  -webkit-align-items: center;
  -webkit-box-align: center;
  -ms-flex-align: center;
  align-items: center;
  -webkit-transition: all 250ms ease-in;
  transition: all 250ms ease-in;
}

.c1 .navlink-title {
  position: relative;
  -webkit-inset-block-start: 24px;
  -ms-intb-rlock-start: 24px;
  inset-block-start: 24px;
}

.c1 .content {
  display: -webkit-box;
  display: -webkit-flex;
  display: -ms-flexbox;
  display: flex;
  -webkit-flex-direction: column;
  -ms-flex-direction: column;
  flex-direction: column;
  gap: 34px;
  margin-top: 30px;
  width: 100%;
  height: 100%;
  padding-inline: 20px;
}

.c1 .content a {
  -webkit-text-decoration: none;
  text-decoration: none;
  color: #FFFFFF;
  display: -webkit-box;
  display: -webkit-flex;
  display: -ms-flexbox;
  display: flex;
  -webkit-flex-direction: row;
  -ms-flex-direction: row;
  flex-direction: row;
  font-size: 14px;
  font-weight: 400;
  line-height: 20px;
  gap: 15px;
  -webkit-align-items: center;
  -webkit-box-align: center;
  -ms-flex-align: center;
  align-items: center;
  padding: 15px;
  -webkit-transition: all 250ms linear;
  transition: all 250ms linear;
  cursor: pointer;
}

.c1 .content a img {
  width: 24px;
  height: 24px;
}

@media (min-width:1024px) {
  .c0 {
    height: 80px;
  }
}

@media (min-width:1024px) {
  .c1 {
    top: 80px;
    left: 0;
    visibility: visible;
    height: 100%;
    width: 44px;
  }

  .c1 .content {
    width: 100%;
    padding: 0;
    -webkit-align-items: center;
    -webkit-box-align: center;
    -ms-flex-align: center;
    align-items: center;
  }

  .c1 .content {
    position: absolute;
  }
}

<div>
  <div
    class="c0"
  >
    <button
      class="btn-open-menu"
    >
      <img
        alt="botão do menu"
        src="logo-menu.svg"
      />
    </button>
    <div
      class="options-group"
    >
      <img
        src="home.svg"
      />
      <img
        src="megaphone.svg"
      />
      <img
        src="groups.svg"
      />
      <img
        src="group.svg"
      />
    </div>
    <div
      class="options-logout"
    >
      <img
        src="logout.svg"
      />
    </div>
  </div>
  <div
    aria-label="menu lateral"
    class="c1"
  >
    <div
      aria-label="menu lateral fechado"
      class="content"
    >
      <a
        aria-label="Início"
        href="#"
      >
        <img
          src="home.svg"
        />
      </a>
      <a
        href="#"
      >
        <img
          src="megaphone.svg"
        />
      </a>
      <a
        href="#"
      >
        <img
          src="groups.svg"
        />
      </a>
      <a
        href="#"
      >
        <img
          src="group.svg"
        />
      </a>
      <a>
        <img
          src="logout.svg"
        />
      </a>
    </div>
  </div>
</div>
`;
