// Jest Snapshot v1, https://goo.gl/fbAQLP

exports[`<FormLogin /> Shoul match with snapshot 1`] = `
.c0 {
  width: 100%;
}

.c0 form {
  display: -webkit-box;
  display: -webkit-flex;
  display: -ms-flexbox;
  display: flex;
  -webkit-flex-direction: column;
  -ms-flex-direction: column;
  flex-direction: column;
  width: 100%;
  height: auto;
  gap: 12px;
}

.c0 form .form-group {
  display: -webkit-box;
  display: -webkit-flex;
  display: -ms-flexbox;
  display: flex;
  -webkit-flex-direction: column;
  -ms-flex-direction: column;
  flex-direction: column;
  gap: 5px;
}

.c0 form .form-group .field-label {
  font-size: 12px;
  font-weight: 500;
  line-height: 16px;
  color: #3b3f49;
  margin-left: 16px;
}

.c0 form .form-group #email {
  border: 1px solid #ced4de;
}

.c0 form .form-group #password {
  border: 1px solid #ced4de;
}

.c0 form .form-group .form-input {
  width: 100%;
  height: 44px;
  border-radius: 4px;
  padding: 12px 16px;
  outline: none;
  -webkit-transition: box-shadow 250ms linear;
  transition: box-shadow 250ms linear;
  box-shadow: 0px 0px 0px 0px rgba(71,79,99,0.15);
}

.c0 form .form-group .form-input::-webkit-input-placeholder {
  color: #b3b9c9;
}

.c0 form .form-group .form-input::-moz-placeholder {
  color: #b3b9c9;
}

.c0 form .form-group .form-input:-ms-input-placeholder {
  color: #b3b9c9;
}

.c0 form .form-group .form-input::placeholder {
  color: #b3b9c9;
}

.c0 form .form-group .form-input:focus {
  box-shadow: 0px 10px 15px 0px rgba(71,79,99,0.15);
}

.c0 form .form-group .form-error {
  margin-left: 16px;
  display: -webkit-box;
  display: -webkit-flex;
  display: -ms-flexbox;
  display: flex;
  -webkit-flex-direction: row;
  -ms-flex-direction: row;
  flex-direction: row;
  gap: 5.75px;
  -webkit-align-items: center;
  -webkit-box-align: center;
  -ms-flex-align: center;
  align-items: center;
}

.c0 form .form-group .form-error p {
  color: #ff403d;
  font-size: 11px;
  weight: 500;
}

.c0 form .btn-login {
  width: 100%;
  height: 43px;
  border: none;
  cursor: pointer;
  background-color: #0EC3A3;
  color: #FFFFFF;
  font-size: 14px;
  font-weight: 700;
  line-height: 19px;
}

.c0 form .btn-login:hover {
  background-color: rgba(14,195,163,0.7);
}

.c0 form .btn-login:active {
  background-color: rgba(87,180,163,1);
}

<div>
  <div
    class="c0"
  >
    <form
      aria-label="formulÃ¡rio de login"
    >
      <div
        class="form-group"
      >
        <label
          class="field-label"
          for="email"
        >
          Email
        </label>
        <input
          autocomplete="off"
          class="form-input"
          id="email"
          name="email"
          placeholder="E-mail"
          required=""
          type="text"
          value=""
        />
        <label
          class="field-label"
          for="password"
        >
          Senha
        </label>
        <input
          class="form-input"
          id="password"
          name="senha"
          placeholder="Senha"
          required=""
          type="password"
          value=""
        />
      </div>
      <button
        class="btn-login"
        type="submit"
      >
        Entrar
      </button>
    </form>
  </div>
</div>
`;
