// Jest Snapshot v1, https://goo.gl/fbAQLP

exports[`<SearchInput /> Should match with snapshot 1`] = `
.c0 {
  width: 100%;
  height: 100%;
  -webkit-align-items: center;
  -webkit-box-align: center;
  -ms-flex-align: center;
  align-items: center;
  background-color: #FFFFFF;
  display: -webkit-box;
  display: -webkit-flex;
  display: -ms-flexbox;
  display: flex;
  -webkit-flex-direction: row;
  -ms-flex-direction: row;
  flex-direction: row;
  padding-inline-end: 12px;
  border: 1px solid #ced4de;
}

.c0 input {
  box-sizing: border-box;
  width: 100%;
  max-height: 100%;
  border: none;
  outline: none;
  padding: 12px;
  font-family: 'Red Hat Display',sans-serif;
  color: #474f63;
  -webkit-transition: border 0.2s linear;
  transition: border 0.2s linear;
}

.c0 input::-webkit-input-placeholder {
  color: #b3b9c9;
  font-family: 'Red Hat Display',sans-serif;
  font-size: 14px;
  font-weight: 400;
  line-height: 20px;
}

.c0 input::-moz-placeholder {
  color: #b3b9c9;
  font-family: 'Red Hat Display',sans-serif;
  font-size: 14px;
  font-weight: 400;
  line-height: 20px;
}

.c0 input:-ms-input-placeholder {
  color: #b3b9c9;
  font-family: 'Red Hat Display',sans-serif;
  font-size: 14px;
  font-weight: 400;
  line-height: 20px;
}

.c0 input::placeholder {
  color: #b3b9c9;
  font-family: 'Red Hat Display',sans-serif;
  font-size: 14px;
  font-weight: 400;
  line-height: 20px;
}

.c0 button {
  background-color: transparent;
  border: none;
  cursor: pointer;
  inset-inline-end: 12px;
  -webkit-inset-block-start: 10px;
  -ms-intb-rlock-start: 10px;
  inset-block-start: 10px;
  width: 100% height:24px;
  background-position: center;
}

@media (min-width:768px) {
  .c0 {
    width: 280px;
  }
}

<div>
  <div
    class="c0"
  >
    <input
      name="search"
      placeholder="Digite o nome do banco"
      type="text"
    />
    <button>
      <img
        alt="limpar o campo de busca"
        src="cleanField-icon.svg"
        style="width: 14px; height: 14px; top: 17px;"
      />
    </button>
  </div>
</div>
`;
